// Jest Snapshot v1, https://goo.gl/fbAQLP

exports[`List match snapshot 1`] = `
<ListGroup
  tag="ul"
>
  <ListGroupItem
    className="d-flex justify-content-between"
    color="white"
    key="undefined-1"
    onClick={[Function]}
    tag="button"
  >
    1. undefined - undefined
    <div>
      0:00
    </div>
  </ListGroupItem>
</ListGroup>
`;
